Using pre-set license
Built from '2021.3/staging' branch; Version is '2021.3.31f1 (3409e2af086f) revision 3410402'; Using compiler version '192829333'; Build Type 'Release'
OS: 'Windows 11  (10.0.22631) 64bit CoreSingleLanguage' Language: 'pt' Physical Memory: 7955 MB
BatchMode: 1, IsHumanControllingUs: 0, StartBugReporterOnCrash: 0, Is64bit: 1, IsPro: 1

COMMAND LINE ARGUMENTS:
C:\Program Files\Unity\Hub\Editor\2021.3.31f1\Editor\Unity.exe
-adb2
-batchMode
-noUpm
-name
AssetImportWorker0
-projectPath
C:/Users/Desktop/Desktop/Meus Projetos/Projetos/With a Heavy Heart Assets
-logFile
Logs/AssetImportWorker0.log
-srvPort
58750
Successfully changed project path to: C:/Users/Desktop/Desktop/Meus Projetos/Projetos/With a Heavy Heart Assets
C:/Users/Desktop/Desktop/Meus Projetos/Projetos/With a Heavy Heart Assets
[UnityMemory] Configuration Parameters - Can be set up in boot.config
    "memorysetup-bucket-allocator-granularity=16"
    "memorysetup-bucket-allocator-bucket-count=8"
    "memorysetup-bucket-allocator-block-size=33554432"
    "memorysetup-bucket-allocator-block-count=8"
    "memorysetup-main-allocator-block-size=16777216"
    "memorysetup-thread-allocator-block-size=16777216"
    "memorysetup-gfx-main-allocator-block-size=16777216"
    "memorysetup-gfx-thread-allocator-block-size=16777216"
    "memorysetup-cache-allocator-block-size=4194304"
    "memorysetup-typetree-allocator-block-size=2097152"
    "memorysetup-profiler-bucket-allocator-granularity=16"
    "memorysetup-profiler-bucket-allocator-bucket-count=8"
    "memorysetup-profiler-bucket-allocator-block-size=33554432"
    "memorysetup-profiler-bucket-allocator-block-count=8"
    "memorysetup-profiler-allocator-block-size=16777216"
    "memorysetup-profiler-editor-allocator-block-size=1048576"
    "memorysetup-temp-allocator-size-main=16777216"
    "memorysetup-job-temp-allocator-block-size=2097152"
    "memorysetup-job-temp-allocator-block-size-background=1048576"
    "memorysetup-job-temp-allocator-reduction-small-platforms=262144"
    "memorysetup-temp-allocator-size-background-worker=32768"
    "memorysetup-temp-allocator-size-job-worker=262144"
    "memorysetup-temp-allocator-size-preload-manager=33554432"
    "memorysetup-temp-allocator-size-nav-mesh-worker=65536"
    "memorysetup-temp-allocator-size-audio-worker=65536"
    "memorysetup-temp-allocator-size-cloud-worker=32768"
    "memorysetup-temp-allocator-size-gi-baking-worker=262144"
    "memorysetup-temp-allocator-size-gfx=262144"
Player connection [18156] Host "[IP] 192.168.0.250 [Port] 0 [Flags] 2 [Guid] 1511772135 [EditorId] 1511772135 [Version] 1048832 [Id] WindowsEditor(7,NitroNotebookV) [Debug] 1 [PackageName] WindowsEditor [ProjectName] Editor" joined multi-casting on [225.0.0.222:54997]...

Player connection [18156] Host "[IP] 192.168.0.250 [Port] 0 [Flags] 2 [Guid] 1511772135 [EditorId] 1511772135 [Version] 1048832 [Id] WindowsEditor(7,NitroNotebookV) [Debug] 1 [PackageName] WindowsEditor [ProjectName] Editor" joined alternative multi-casting on [225.0.0.222:34997]...

[Physics::Module] Initialized MultithreadedJobDispatcher with {0} workers.
Refreshing native plugins compatible for Editor in 98.21 ms, found 4 plugins.
Preloading 0 native plugins for Editor in 0.00 ms.
Initialize engine version: 2021.3.31f1 (3409e2af086f)
[Subsystems] Discovering subsystems at path C:/Program Files/Unity/Hub/Editor/2021.3.31f1/Editor/Data/Resources/UnitySubsystems
[Subsystems] Discovering subsystems at path C:/Users/Desktop/Desktop/Meus Projetos/Projetos/With a Heavy Heart Assets/Assets
GfxDevice: creating device client; threaded=0; jobified=0
Direct3D:
    Version:  Direct3D 11.0 [level 11.1]
    Renderer: NVIDIA GeForce GTX 1650 (ID=0x1f9d)
    Vendor:   NVIDIA
    VRAM:     3962 MB
    Driver:   30.0.15.1274
Initialize mono
Mono path[0] = 'C:/Program Files/Unity/Hub/Editor/2021.3.31f1/Editor/Data/Managed'
Mono path[1] = 'C:/Program Files/Unity/Hub/Editor/2021.3.31f1/Editor/Data/MonoBleedingEdge/lib/mono/unityjit-win32'
Mono config path = 'C:/Program Files/Unity/Hub/Editor/2021.3.31f1/Editor/Data/MonoBleedingEdge/etc'
Using monoOptions --debugger-agent=transport=dt_socket,embedding=1,server=y,suspend=n,address=127.0.0.1:56024
Begin MonoManager ReloadAssembly
Registering precompiled unity dll's ...
Register platform support module: C:/Program Files/Unity/Hub/Editor/2021.3.31f1/Editor/Data/PlaybackEngines/WebGLSupport/UnityEditor.WebGL.Extensions.dll
Register platform support module: C:/Program Files/Unity/Hub/Editor/2021.3.31f1/Editor/Data/PlaybackEngines/AndroidPlayer/UnityEditor.Android.Extensions.dll
Register platform support module: C:/Program Files/Unity/Hub/Editor/2021.3.31f1/Editor/Data/PlaybackEngines/WindowsStandaloneSupport/UnityEditor.WindowsStandalone.Extensions.dll
Registered in 0.008023 seconds.
Native extension for WindowsStandalone target not found
Native extension for Android target not found
Native extension for WebGL target not found
Refreshing native plugins compatible for Editor in 90.08 ms, found 4 plugins.
Preloading 0 native plugins for Editor in 0.00 ms.
Mono: successfully reloaded assembly
- Completed reload, in  0.732 seconds
Domain Reload Profiling:
	ReloadAssembly (733ms)
		BeginReloadAssembly (131ms)
			ExecutionOrderSort (0ms)
			DisableScriptedObjects (0ms)
			BackupInstance (0ms)
			ReleaseScriptingObjects (0ms)
			CreateAndSetChildDomain (2ms)
		EndReloadAssembly (511ms)
			LoadAssemblies (127ms)
			RebuildTransferFunctionScriptingTraits (1ms)
			SetupTypeCache (141ms)
			ReleaseScriptCaches (0ms)
			RebuildScriptCaches (27ms)
			SetupLoadedEditorAssemblies (298ms)
				LogAssemblyErrors (0ms)
				InitializePlatformSupportModulesInManaged (81ms)
				SetLoadedEditorAssemblies (0ms)
				RefreshPlugins (90ms)
				BeforeProcessingInitializeOnLoad (2ms)
				ProcessInitializeOnLoadAttributes (76ms)
				ProcessInitializeOnLoadMethodAttributes (48ms)
				AfterProcessingInitializeOnLoad (0ms)
				EditorAssembliesLoaded (1ms)
			ExecutionOrderSort2 (0ms)
			AwakeInstancesAfterBackupRestoration (0ms)
Platform modules already initialized, skipping
Registering precompiled user dll's ...
Registered in 0.023060 seconds.
Begin MonoManager ReloadAssembly
Native extension for WindowsStandalone target not found
Native extension for Android target not found
Native extension for WebGL target not found
Refreshing native plugins compatible for Editor in 116.28 ms, found 4 plugins.
Preloading 0 native plugins for Editor in 0.00 ms.
Package Manager log level set to [2]
[Package Manager] Server::EnsureServerProcessIsRunning -- launch failed, reason: Unity was launched with the -noUpm command-line argument
[Package Manager] Cannot connect to Unity Package Manager local server
Mono: successfully reloaded assembly
- Completed reload, in  2.133 seconds
Domain Reload Profiling:
	ReloadAssembly (2134ms)
		BeginReloadAssembly (166ms)
			ExecutionOrderSort (0ms)
			DisableScriptedObjects (5ms)
			BackupInstance (0ms)
			ReleaseScriptingObjects (0ms)
			CreateAndSetChildDomain (25ms)
		EndReloadAssembly (1834ms)
			LoadAssemblies (213ms)
			RebuildTransferFunctionScriptingTraits (0ms)
			SetupTypeCache (307ms)
			ReleaseScriptCaches (2ms)
			RebuildScriptCaches (64ms)
			SetupLoadedEditorAssemblies (1241ms)
				LogAssemblyErrors (0ms)
				InitializePlatformSupportModulesInManaged (19ms)
				SetLoadedEditorAssemblies (1ms)
				RefreshPlugins (116ms)
				BeforeProcessingInitializeOnLoad (113ms)
				ProcessInitializeOnLoadAttributes (887ms)
				ProcessInitializeOnLoadMethodAttributes (100ms)
				AfterProcessingInitializeOnLoad (6ms)
				EditorAssembliesLoaded (0ms)
			ExecutionOrderSort2 (0ms)
			AwakeInstancesAfterBackupRestoration (4ms)
Platform modules already initialized, skipping
========================================================================
Worker process is ready to serve import requests
Launched and connected shader compiler UnityShaderCompiler.exe after 0.06 seconds
Refreshing native plugins compatible for Editor in 1.36 ms, found 4 plugins.
Preloading 0 native plugins for Editor in 0.00 ms.
Unloading 5650 Unused Serialized files (Serialized files now loaded: 0)
Unloading 66 unused Assets / (2.0 MB). Loaded Objects now: 6096.
Memory consumption went from 235.8 MB to 233.8 MB.
Total: 7.744200 ms (FindLiveObjects: 0.592400 ms CreateObjectMapping: 0.625600 ms MarkObjects: 5.328400 ms  DeleteObjects: 1.196100 ms)

AssetImportParameters requested are different than current active one (requested -> active):
  custom:video-decoder-ogg-theora: a1e56fd34408186e4bbccfd4996cb3dc -> 
  custom:container-muxer-webm: aa71ff27fc2769a1b78a27578f13a17b -> 
  custom:container-demuxer-webm: 4f35f7cbe854078d1ac9338744f61a02 -> 
  custom:video-encoder-webm-vp8: eb34c28f22e8b96e1ab97ce403110664 -> 
  custom:CustomObjectIndexerAttribute: f67f22312cbe972f2da930a377ed3d15 -> 
  custom:audio-encoder-webm-vorbis: bf7c407c2cedff20999df2af8eb42d56 -> 
  custom:framework-win-MediaFoundation: 216162199b28c13a410421893ffa2e32 -> 
  custom:SearchIndexIgnoredProperties: e643bd26f0fe6173181afceb89e7c659 -> 
  custom:container-demuxer-ogg: 62fdf1f143b41e24485cea50d1cbac27 -> 
  custom:video-decoder-webm-vp8: 9c59270c3fd7afecdb556c50c9e8de78 -> 
  custom:audio-decoder-ogg-vorbis: bf7c407c2cedff20999df2af8eb42d56 -> 
========================================================================
Received Import Request.
  Time since last request: 627804.616248 seconds.
  path: Assets/Project/SFX
  artifactKey: Guid(855513db2d56d7f4ab9884a900917867) Importer(815301076,1909f56bfc062723c751e8b465ee728b)
Number of updated assets reloaded before import = 0
Start importing Assets/Project/SFX using Guid(855513db2d56d7f4ab9884a900917867) Importer(815301076,1909f56bfc062723c751e8b465ee728b)  -> (artifact id: '7acdce28e52486de5155a2810c75b56f') in 0.028500 seconds 
Number of asset objects unloaded after import = 0
========================================================================
Received Import Request.
  Time since last request: 235.692314 seconds.
  path: Assets/Project/Art/Animations/Player
  artifactKey: Guid(21222e35fad69b24eac94358d16a3ba4) Importer(815301076,1909f56bfc062723c751e8b465ee728b)
Number of updated assets reloaded before import = 0
Start importing Assets/Project/Art/Animations/Player using Guid(21222e35fad69b24eac94358d16a3ba4) Importer(815301076,1909f56bfc062723c751e8b465ee728b)  -> (artifact id: 'fddfbabc370cab2d4800f6e3ae327f33') in 0.011655 seconds 
Number of asset objects unloaded after import = 0
========================================================================
Received Import Request.
  Time since last request: 862.090451 seconds.
  path: Assets/Project/Prefabs/Originals/Classic/UI(User-Interface)/DIALOGUE Package/Background_Lights.png
  artifactKey: Guid(c66572867d159744e85ff6de243325b0) Importer(815301076,1909f56bfc062723c751e8b465ee728b)
Number of updated assets reloaded before import = 0
Start importing Assets/Project/Prefabs/Originals/Classic/UI(User-Interface)/DIALOGUE Package/Background_Lights.png using Guid(c66572867d159744e85ff6de243325b0) Importer(815301076,1909f56bfc062723c751e8b465ee728b)  -> (artifact id: 'e9066c3bd1df597e6e7e1766365b1a29') in 1.888567 seconds 
Number of asset objects unloaded after import = 3
========================================================================
Received Import Request.
  Time since last request: 0.000164 seconds.
  path: Assets/Project/Prefabs/Originals/Classic/UI(User-Interface)/DIALOGUE Package/Dialogue Package (1).prefab
  artifactKey: Guid(9f4e8e16c82ffaf459800ebdcd9d3e1d) Importer(815301076,1909f56bfc062723c751e8b465ee728b)
Number of updated assets reloaded before import = 0
Start importing Assets/Project/Prefabs/Originals/Classic/UI(User-Interface)/DIALOGUE Package/Dialogue Package (1).prefab using Guid(9f4e8e16c82ffaf459800ebdcd9d3e1d) Importer(815301076,1909f56bfc062723c751e8b465ee728b)  -> (artifact id: '750c0a2743bebc7538d6bc49dd95f3d5') in 0.064013 seconds 
Number of asset objects unloaded after import = 6
========================================================================
Received Import Request.
  Time since last request: 0.000025 seconds.
  path: Assets/Project/Prefabs/Originals/Classic/UI(User-Interface)/DIALOGUE Package/DialogueManager 1.prefab
  artifactKey: Guid(0ce8b8cef28274848be00d65be72769b) Importer(815301076,1909f56bfc062723c751e8b465ee728b)
Number of updated assets reloaded before import = 0
Start importing Assets/Project/Prefabs/Originals/Classic/UI(User-Interface)/DIALOGUE Package/DialogueManager 1.prefab using Guid(0ce8b8cef28274848be00d65be72769b) Importer(815301076,1909f56bfc062723c751e8b465ee728b)  -> (artifact id: '40262266717cf36cade21730f34994e3') in 0.114234 seconds 
Number of asset objects unloaded after import = 19
========================================================================
Received Import Request.
  Time since last request: 0.000017 seconds.
  path: Assets/Project/Prefabs/Originals/Classic/UI(User-Interface)/DIALOGUE Package/DialogueBoxObscuringPanel.prefab
  artifactKey: Guid(a4276c2969ee1364abf1e4fca8efec95) Importer(815301076,1909f56bfc062723c751e8b465ee728b)
Number of updated assets reloaded before import = 0
Start importing Assets/Project/Prefabs/Originals/Classic/UI(User-Interface)/DIALOGUE Package/DialogueBoxObscuringPanel.prefab using Guid(a4276c2969ee1364abf1e4fca8efec95) Importer(815301076,1909f56bfc062723c751e8b465ee728b)  -> (artifact id: '892941a92d32654c6bfc228c1a1c7a9a') in 0.043265 seconds 
Number of asset objects unloaded after import = 6
========================================================================
Received Import Request.
  Time since last request: 0.000016 seconds.
  path: Assets/Project/Prefabs/Originals/Classic/UI(User-Interface)/DIALOGUE Package/Start convo Button.prefab
  artifactKey: Guid(8c631eac329cc35439363e0dea5ab374) Importer(815301076,1909f56bfc062723c751e8b465ee728b)
Number of updated assets reloaded before import = 0
Start importing Assets/Project/Prefabs/Originals/Classic/UI(User-Interface)/DIALOGUE Package/Start convo Button.prefab using Guid(8c631eac329cc35439363e0dea5ab374) Importer(815301076,1909f56bfc062723c751e8b465ee728b)  -> (artifact id: '2d4a9d1194f68c65a4cff2d6185bc2bf') in 0.184864 seconds 
Number of asset objects unloaded after import = 17
========================================================================
Received Import Request.
  Time since last request: 0.000018 seconds.
  path: Assets/Project/Prefabs/Originals/Classic/UI(User-Interface)/DIALOGUE Package/Dialogue Canvas.prefab
  artifactKey: Guid(ea1ff978dee108d48b14f8b351d98712) Importer(815301076,1909f56bfc062723c751e8b465ee728b)
Number of updated assets reloaded before import = 0
Start importing Assets/Project/Prefabs/Originals/Classic/UI(User-Interface)/DIALOGUE Package/Dialogue Canvas.prefab using Guid(ea1ff978dee108d48b14f8b351d98712) Importer(815301076,1909f56bfc062723c751e8b465ee728b)  -> (artifact id: 'acb2f60f10f6cf33e9ad82ebfbfbadae') in 0.022273 seconds 
Number of asset objects unloaded after import = 13
========================================================================
Received Import Request.
  Time since last request: 0.000039 seconds.
  path: Assets/Project/Prefabs/Originals/Classic/UI(User-Interface)/DIALOGUE Package/Title Rock.png
  artifactKey: Guid(0632b27542b7b5c4ca4748f30ce6b773) Importer(815301076,1909f56bfc062723c751e8b465ee728b)
Number of updated assets reloaded before import = 0
Start importing Assets/Project/Prefabs/Originals/Classic/UI(User-Interface)/DIALOGUE Package/Title Rock.png using Guid(0632b27542b7b5c4ca4748f30ce6b773) Importer(815301076,1909f56bfc062723c751e8b465ee728b)  -> (artifact id: '0bf2c8e0939c4e18965e36fe69b72b72') in 0.031719 seconds 
Number of asset objects unloaded after import = 3
========================================================================
Received Import Request.
  Time since last request: 0.000020 seconds.
  path: Assets/Project/Prefabs/Originals/Classic/UI(User-Interface)/DIALOGUE Package/NPC Variant.prefab
  artifactKey: Guid(3a6811cfc2ea39d40be1272d6c4335a2) Importer(815301076,1909f56bfc062723c751e8b465ee728b)
Number of updated assets reloaded before import = 0
Start importing Assets/Project/Prefabs/Originals/Classic/UI(User-Interface)/DIALOGUE Package/NPC Variant.prefab using Guid(3a6811cfc2ea39d40be1272d6c4335a2) Importer(815301076,1909f56bfc062723c751e8b465ee728b)  -> (artifact id: '90b286a5d4b9f0b1074aa85bbbaec16f') in 0.013538 seconds 
Number of asset objects unloaded after import = 5
========================================================================
Received Import Request.
  Time since last request: 0.000018 seconds.
  path: Assets/Project/Prefabs/Originals/Classic/UI(User-Interface)/DIALOGUE Package/Image.prefab
  artifactKey: Guid(55089f4899ad53a4e91f61e5b375cb09) Importer(815301076,1909f56bfc062723c751e8b465ee728b)
Number of updated assets reloaded before import = 0
Start importing Assets/Project/Prefabs/Originals/Classic/UI(User-Interface)/DIALOGUE Package/Image.prefab using Guid(55089f4899ad53a4e91f61e5b375cb09) Importer(815301076,1909f56bfc062723c751e8b465ee728b)  -> (artifact id: 'e301280ea342933550b3c7e22ffe2a9b') in 0.009419 seconds 
Number of asset objects unloaded after import = 6
========================================================================
Received Import Request.
  Time since last request: 0.000056 seconds.
  path: Assets/Project/Prefabs/Originals/Classic/UI(User-Interface)/DIALOGUE Package/Quit Button.png
  artifactKey: Guid(f77fa91b26d810f4a9a8cf426b8185bb) Importer(815301076,1909f56bfc062723c751e8b465ee728b)
Number of updated assets reloaded before import = 0
Start importing Assets/Project/Prefabs/Originals/Classic/UI(User-Interface)/DIALOGUE Package/Quit Button.png using Guid(f77fa91b26d810f4a9a8cf426b8185bb) Importer(815301076,1909f56bfc062723c751e8b465ee728b)  -> (artifact id: 'b2bd402cd734d362f5bfecc734538b42') in 0.039536 seconds 
Number of asset objects unloaded after import = 3
========================================================================
Received Import Request.
  Time since last request: 0.000024 seconds.
  path: Assets/Project/Prefabs/Originals/Classic/UI(User-Interface)/DIALOGUE Package/Play Button.png
  artifactKey: Guid(2c5f25d094dc7964f8d98f470bfee793) Importer(815301076,1909f56bfc062723c751e8b465ee728b)
Number of updated assets reloaded before import = 0
Start importing Assets/Project/Prefabs/Originals/Classic/UI(User-Interface)/DIALOGUE Package/Play Button.png using Guid(2c5f25d094dc7964f8d98f470bfee793) Importer(815301076,1909f56bfc062723c751e8b465ee728b)  -> (artifact id: 'd85d4dd1861a61c9afbf16cff26b3004') in 0.038851 seconds 
Number of asset objects unloaded after import = 3
========================================================================
Received Import Request.
  Time since last request: 0.000023 seconds.
  path: Assets/Project/Prefabs/Originals/Classic/UI(User-Interface)/DIALOGUE Package/Title_Logo.png
  artifactKey: Guid(7de033da31d65f74d88e191050df8131) Importer(815301076,1909f56bfc062723c751e8b465ee728b)
Number of updated assets reloaded before import = 0
Start importing Assets/Project/Prefabs/Originals/Classic/UI(User-Interface)/DIALOGUE Package/Title_Logo.png using Guid(7de033da31d65f74d88e191050df8131) Importer(815301076,1909f56bfc062723c751e8b465ee728b)  -> (artifact id: '376914829c3a2c06d9d957f8823e1b6b') in 0.100812 seconds 
Number of asset objects unloaded after import = 3
========================================================================
Received Import Request.
  Time since last request: 0.000023 seconds.
  path: Assets/Project/Prefabs/Originals/Classic/UI(User-Interface)/DIALOGUE Package/Text (TMP) (1).prefab
  artifactKey: Guid(ce203b1c48e39fa4aa1c6e83dc1450e2) Importer(815301076,1909f56bfc062723c751e8b465ee728b)
Number of updated assets reloaded before import = 0
Start importing Assets/Project/Prefabs/Originals/Classic/UI(User-Interface)/DIALOGUE Package/Text (TMP) (1).prefab using Guid(ce203b1c48e39fa4aa1c6e83dc1450e2) Importer(815301076,1909f56bfc062723c751e8b465ee728b)  -> (artifact id: '339196d19f50bf765de41711fd1ef23c') in 0.061061 seconds 
Number of asset objects unloaded after import = 14
========================================================================
Received Import Request.
  Time since last request: 0.000058 seconds.
  path: Assets/Project/Prefabs/Originals/Classic/UI(User-Interface)/DIALOGUE Package/Dialogue Region Memory A.prefab
  artifactKey: Guid(803fa6f4e249b4947af92f64b5123b12) Importer(815301076,1909f56bfc062723c751e8b465ee728b)
Number of updated assets reloaded before import = 0
Start importing Assets/Project/Prefabs/Originals/Classic/UI(User-Interface)/DIALOGUE Package/Dialogue Region Memory A.prefab using Guid(803fa6f4e249b4947af92f64b5123b12) Importer(815301076,1909f56bfc062723c751e8b465ee728b)  -> (artifact id: '30a8033aa5efd788a2884fb9a37fa9e0') in 0.070558 seconds 
Number of asset objects unloaded after import = 60
========================================================================
Received Import Request.
  Time since last request: 0.000022 seconds.
  path: Assets/Project/Prefabs/Originals/Classic/UI(User-Interface)/DIALOGUE Package/Dialogue Package (1) 1.prefab
  artifactKey: Guid(9c931638721e4dc47b13133e4a87b3a9) Importer(815301076,1909f56bfc062723c751e8b465ee728b)
Number of updated assets reloaded before import = 0
Start importing Assets/Project/Prefabs/Originals/Classic/UI(User-Interface)/DIALOGUE Package/Dialogue Package (1) 1.prefab using Guid(9c931638721e4dc47b13133e4a87b3a9) Importer(815301076,1909f56bfc062723c751e8b465ee728b)  -> (artifact id: '75f190b7a1bb7018989daac985393171') in 0.007862 seconds 
Number of asset objects unloaded after import = 6
========================================================================
Received Import Request.
  Time since last request: 0.000018 seconds.
  path: Assets/Project/Prefabs/Originals/Classic/UI(User-Interface)/DIALOGUE Package/DialogueBox.prefab
  artifactKey: Guid(d090079c48c979f48af3c06003c856ca) Importer(815301076,1909f56bfc062723c751e8b465ee728b)
Number of updated assets reloaded before import = 0
Start importing Assets/Project/Prefabs/Originals/Classic/UI(User-Interface)/DIALOGUE Package/DialogueBox.prefab using Guid(d090079c48c979f48af3c06003c856ca) Importer(815301076,1909f56bfc062723c751e8b465ee728b)  -> (artifact id: 'd572702ec5814c64d080792934e9c8fc') in 0.008653 seconds 
Number of asset objects unloaded after import = 15
========================================================================
Received Import Request.
  Time since last request: 0.000030 seconds.
  path: Assets/Project/Prefabs/Originals/Classic/UI(User-Interface)/DIALOGUE Package/Leftward Cloud.png
  artifactKey: Guid(813d476a41be364479b738f52e9cafcb) Importer(815301076,1909f56bfc062723c751e8b465ee728b)
Number of updated assets reloaded before import = 0
Start importing Assets/Project/Prefabs/Originals/Classic/UI(User-Interface)/DIALOGUE Package/Leftward Cloud.png using Guid(813d476a41be364479b738f52e9cafcb) Importer(815301076,1909f56bfc062723c751e8b465ee728b)  -> (artifact id: 'bcc910bf0f4f6eb4f7ee156fc59866c3') in 0.051059 seconds 
Number of asset objects unloaded after import = 3
========================================================================
Received Import Request.
  Time since last request: 0.000018 seconds.
  path: Assets/Project/Prefabs/Originals/Classic/UI(User-Interface)/DIALOGUE Package/DialogueManager.prefab
  artifactKey: Guid(b3b7ddd5daec1264583e880018b43677) Importer(815301076,1909f56bfc062723c751e8b465ee728b)
Number of updated assets reloaded before import = 0
Start importing Assets/Project/Prefabs/Originals/Classic/UI(User-Interface)/DIALOGUE Package/DialogueManager.prefab using Guid(b3b7ddd5daec1264583e880018b43677) Importer(815301076,1909f56bfc062723c751e8b465ee728b)  -> (artifact id: '821a0a4f3b2256d3578cecdf88ada2da') in 0.045015 seconds 
Number of asset objects unloaded after import = 64
========================================================================
Received Import Request.
  Time since last request: 0.000022 seconds.
  path: Assets/Project/Prefabs/Originals/Classic/UI(User-Interface)/DIALOGUE Package/NPC.prefab
  artifactKey: Guid(4695869bb9707c84bb965de153902189) Importer(815301076,1909f56bfc062723c751e8b465ee728b)
Number of updated assets reloaded before import = 0
Start importing Assets/Project/Prefabs/Originals/Classic/UI(User-Interface)/DIALOGUE Package/NPC.prefab using Guid(4695869bb9707c84bb965de153902189) Importer(815301076,1909f56bfc062723c751e8b465ee728b)  -> (artifact id: 'ce59d314b9f5c2ddf83fcf4930158088') in 1.380614 seconds 
Number of asset objects unloaded after import = 89
Editor requested this worker to shutdown with reason: Scaling down because of idle timeout
AssetImportWorker is now disconnected from the server
Process exiting
Exiting without the bug reporter. Application will terminate with return code 0